// Jest Snapshot v1, https://goo.gl/fbAQLP

exports[`TicketsSearch matches snapshot 1`] = `
<DocumentFragment>
  <div
    class="App"
  >
    <section
      class="mainContainer"
    >
      <div>
        CountTransplantsMock
      </div>
      <div
        class="containerList"
      >
        <div>
          FilterMock
        </div>
        <div>
          TicketsListMock
        </div>
      </div>
    </section>
  </div>
</DocumentFragment>
`;
